--connect
cd ~/Downloads
ssh -i "wwang_keypair.pem" ubuntu@18.218.131.86
--connect to AP
sudo ssh -i /opt/yugabyte/yugaware/data/keys/1490c194-a4b8-44c9-9588-d65ac4968671/yb-demo-aws-multi-region_1490c194-a4b8-44c9-9588-d65ac4968671-key.pem -ostricthostkeychecking=no -p 22 yugabyte@172.156.63.168

yugabyte=# insert into customer_ap_southeast(customer_id,customer_name,contact_email,preferred_region) values(20, 'test20', 'test20@gmail.com', 'AP');
INSERT 0 1
Time: 406.011 ms

--on US EAST node
yugabyte=# select * from customer_ap_southeast;
 customer_id | customer_name |   contact_email   | customer_phone | preferred_region |        created_date        |        updated_date        
-------------+---------------+-------------------+----------------+------------------+----------------------------+----------------------------
         201 | test201       | test201@gmail.com |                | AP               | 2022-05-31 00:07:52.938237 | 2022-05-31 00:07:52.938237
(1 row)

Time: 2606.981 ms (00:02.607)

--on AP node
yugabyte=#  insert into customer_ap_southeast(customer_id,customer_name,contact_email,preferred_region) values(201, 'test201', 'test201@gmail.com', 'AP');
INSERT 0 1
Time: 2.326 ms

yugabyte=# select * from customer_ap_southeast;
 customer_id | customer_name |   contact_email   | customer_phone | preferred_region |        created_date        |        updated_date        
-------------+---------------+-------------------+----------------+------------------+----------------------------+----------------------------
         201 | test201       | test201@gmail.com |                | AP               | 2022-05-31 00:07:52.938237 | 2022-05-31 00:07:52.938237
(1 row)

Time: 3.084 ms

yugabyte=# select * from customers;
 customer_id | customer_name |   contact_email   | customer_phone | preferred_region |        created_date        |        updated_date        
-------------+---------------+-------------------+----------------+------------------+----------------------------+----------------------------
         201 | test201       | test201@gmail.com |                | AP               | 2022-05-31 00:15:36.666489 | 2022-05-31 00:15:36.666489
           1 | test1         | test1@gmail.com   |                | US               | 2022-05-30 20:43:21.843795 | 2022-05-30 20:43:21.843795
(2 rows)

Time: 5309.951 ms (00:05.310)

yugabyte=# select * from customer_us_east;
 customer_id | customer_name |  contact_email  | customer_phone | preferred_region |        created_date        |        updated_date        
-------------+---------------+-----------------+----------------+------------------+----------------------------+----------------------------
           1 | test1         | test1@gmail.com |                | US               | 2022-05-30 20:43:21.843795 | 2022-05-30 20:43:21.843795
(1 row)

Time: 3205.552 ms (00:03.206)

SET force_global_transaction = TRUE;
\timing
begin
  insert into customer_ap_southeast(customer_id,customer_name,contact_email,preferred_region) values(200, 'test200', 'test200@gmail.com', 'AP');
  insert into customer_ap_southeast(customer_id,customer_name,contact_email,preferred_region) values(100, 'test100', 'test100@gmail.com', 'US');
COMMIT;

--customer table testing

 --US
 --running it from US node: 
yugabyte=# insert into customer_us_east(customer_id,customer_name,contact_email,preferred_region) values(1, 'test1', 'test1@gmail.com', 'US');
INSERT 0 1
Time: 46.898 ms

-AP
 --running it fromAP node: 13.214.25.50 
yugabyte=# insert into customers(customer_id,customer_name,contact_email,preferred_region) values(2, 'test2', 'test2@gmail.com', 'AP');
INSERT 0 1
Time: 2935.740 ms (00:02.936)

yugabyte=# insert into customer_ap_southeast(customer_id,customer_name,contact_email,preferred_region) values(20, 'test20', 'test20@gmail.com', 'AP');
INSERT 0 1
Time: 1043.104 ms (00:01.043)

-EU
insert into customers(customer_id,customer_name,contact_email,preferred_region) values(3, 'test3', 'test3@gmail.com', 'EU');

--customer_preferences testing


--SET force_global_transaction = TRUE;
yugabyte=# CREATE database tradepref;
ERROR:  Timed out: Timed out waiting for Create Database

--insert from US-EAST
insert into customer_preferences (customer_id, account_id, account_statement_delivery, tax_forms_delivery, trade_confirmation, daily_trade_blog )
values
  (1, 'ACTID-1', 'EDELIVERY', 'EDELIVERY', 'EDELIVERY', 'OPT_IN'),
  (2, 'ACTID-2', 'EDELIVERY', 'EDELIVERY', 'EDELIVERY', 'OPT_OUT'),
  (3, 'ACTID-3', 'EDELIVERY', 'EDELIVERY', 'EDELIVERY', 'OPT_OUT');
INSERT 0 3
Time: 641.060 ms

--insert from EU
ERROR:  Illegal state: Nonlocal tablet accessed in local transaction: tablet 570d18206fbf42609833881351fd554b: . Errors from tablet servers: [Illegal state (yb/client/transaction.cc:281): Nonlocal tablet accessed in local transaction: tablet 570d18206fbf42609833881351fd554b]

--change the flag
SET force_global_transaction = TRUE;
--insert it again
INSERT 0 3
Time: 799.111 ms

--insert it from AP
INSERT 0 3
Time: 999.402 ms
